// Jest Snapshot v1, https://goo.gl/fbAQLP

exports[`InsertLinkModal renders correctly 1`] = `
<Modal
  animationType="none"
  hardwareAccelerated={false}
  hideModalContentWhileAnimating={false}
  onModalHide={[Function]}
  onModalWillHide={[Function]}
  onModalWillShow={[Function]}
  onRequestClose={[Function]}
  scrollHorizontal={false}
  scrollOffset={0}
  scrollOffsetMax={0}
  scrollTo={null}
  supportedOrientations={
    Array [
      "portrait",
      "landscape",
    ]
  }
  swipeThreshold={100}
  transparent={true}
  visible={false}
>
  <View
    accessible={true}
    focusable={true}
    forwardedRef={[Function]}
    onClick={[Function]}
    onResponderGrant={[Function]}
    onResponderMove={[Function]}
    onResponderRelease={[Function]}
    onResponderTerminate={[Function]}
    onResponderTerminationRequest={[Function]}
    onStartShouldSetResponder={[Function]}
    style={
      Object {
        "backgroundColor": "#111",
        "bottom": 0,
        "height": 1334,
        "left": 0,
        "opacity": 0,
        "position": "absolute",
        "right": 0,
        "top": 0,
        "width": 750,
      }
    }
  />
  <View
    forwardedRef={[Function]}
    hideModalContentWhileAnimating={false}
    onModalHide={[Function]}
    onModalWillHide={[Function]}
    onModalWillShow={[Function]}
    pointerEvents="box-none"
    scrollHorizontal={false}
    scrollOffset={0}
    scrollOffsetMax={0}
    scrollTo={null}
    style={
      Object {
        "flex": 1,
        "justifyContent": "center",
        "margin": 37.5,
        "transform": Array [
          Object {
            "translateY": 0,
          },
        ],
      }
    }
    supportedOrientations={
      Array [
        "portrait",
        "landscape",
      ]
    }
    swipeThreshold={100}
  >
    <View
      style={
        Array [
          Object {
            "borderRadius": 8,
            "marginHorizontal": 40,
            "paddingHorizontal": 10,
          },
          Object {
            "backgroundColor": "#fff",
          },
        ]
      }
    >
      <View
        style={
          Object {
            "alignItems": "center",
            "borderBottomWidth": 0.5,
            "borderColor": "#b3b3b3",
            "height": 36,
            "justifyContent": "center",
          }
        }
      >
        <Text
          style={
            Object {
              "color": "#111",
            }
          }
        >
          Insert Link
        </Text>
      </View>
      <View
        style={
          Object {
            "alignItems": "center",
            "borderBottomWidth": 0.5,
            "borderColor": "#e8e8e8",
            "flexDirection": "row",
            "height": 40,
            "paddingHorizontal": 15,
          }
        }
      >
        <TextInput
          allowFontScaling={true}
          onChangeText={[Function]}
          placeholder="title"
          placeholderTextColor="#777"
          rejectResponderTermination={true}
          style={
            Array [
              Object {
                "flex": 1,
                "height": 40,
              },
              Object {
                "color": "#111",
              },
            ]
          }
          underlineColorAndroid="transparent"
        />
      </View>
      <View
        style={
          Object {
            "alignItems": "center",
            "borderBottomWidth": 0.5,
            "borderColor": "#e8e8e8",
            "flexDirection": "row",
            "height": 40,
            "paddingHorizontal": 15,
          }
        }
      >
        <TextInput
          allowFontScaling={true}
          onChangeText={[Function]}
          placeholder="http(s)://"
          placeholderTextColor="#777"
          rejectResponderTermination={true}
          style={
            Array [
              Object {
                "flex": 1,
                "height": 40,
              },
              Object {
                "color": "#111",
              },
            ]
          }
          underlineColorAndroid="transparent"
        />
      </View>
      <View
        style={
          Object {
            "flexDirection": "row",
            "height": 36,
            "paddingVertical": 4,
          }
        }
      >
        <View
          accessible={true}
          focusable={true}
          onClick={[Function]}
          onResponderGrant={[Function]}
          onResponderMove={[Function]}
          onResponderRelease={[Function]}
          onResponderTerminate={[Function]}
          onResponderTerminationRequest={[Function]}
          onStartShouldSetResponder={[Function]}
          style={
            Object {
              "alignItems": "center",
              "flex": 1,
              "justifyContent": "center",
              "opacity": 1,
            }
          }
        >
          <Text
            style={
              Object {
                "color": "#286ab2",
              }
            }
          >
            Cancel
          </Text>
        </View>
        <View
          accessible={true}
          focusable={true}
          onClick={[Function]}
          onResponderGrant={[Function]}
          onResponderMove={[Function]}
          onResponderRelease={[Function]}
          onResponderTerminate={[Function]}
          onResponderTerminationRequest={[Function]}
          onStartShouldSetResponder={[Function]}
          style={
            Object {
              "alignItems": "center",
              "flex": 1,
              "justifyContent": "center",
              "opacity": 1,
            }
          }
        >
          <Text
            style={
              Object {
                "color": "#286ab2",
              }
            }
          >
            OK
          </Text>
        </View>
      </View>
    </View>
  </View>
</Modal>
`;
